// Jest Snapshot v1, https://goo.gl/fbAQLP

exports[`should respect absWorkingDir option 1`] = `
{
  "data/test.json": "identical",
  "index.js": true,
  "robots.txt": "identical",
}
`;

exports[`should use outdir option 1`] = `
{
  "data/test.json": "identical",
  "index.js": true,
  "robots.txt": "identical",
}
`;

exports[`should use outfile option 1`] = `
{
  "specificied/data/test.json": "identical",
  "specificied/index.js": true,
  "specificied/robots.txt": "identical",
}
`;
